// Jest Snapshot v1, https://goo.gl/fbAQLP

exports[`App Component Rendering Tests renders to UI as expected 1`] = `
<div
  className="App"
>
  <header
    className="main__header"
  >
    <a
      href="/"
      onClick={[Function]}
    >
      <h1>
        ONE LOVE REWARDS
      </h1>
    </a>
  </header>
  <main
    className="main__content"
  >
    <section
      className="main__content-intro"
    >
      <div
        className="main__content-intro--container"
      >
        <img
          alt=""
          className="main__content-intro--logo"
          src="large-logo.png"
        />
        <h2>
          Dining Rewards Made Easy...
        </h2>
        <button
          className="btn customer__btn"
          onClick={[Function]}
        >
          Customer Login
        </button>
        <button
          className="btn business__btn"
          onClick={[Function]}
        >
          Business Login
        </button>
      </div>
    </section>
    <section
      className="main__content-description"
    >
      <div
        className="main__content-description--header"
      >
        <h2>
          How It Works
        </h2>
      </div>
      <div
        className="main__content-description--info"
      >
        <div
          className="main__content-description--info-item"
        >
          <i
            className="fa"
          />
          <h3>
            Dine
          </h3>
          <p
            className="info__item-description--heading"
          >
            Getting started is easy
          </p>
          <p>
            Whether you visit once a month or every day, weâ€™re always glad to see you. And we want you to enjoy Rewards. Just sign up in store and you'll keep earning rewards on every purchase.
          </p>
        </div>
        <div
          className="main__content-description--info-item"
        >
          <i
            className="fa"
          />
          <h3>
            Eat
          </h3>
          <p
            className="info__item-description--heading"
          >
            Earn 2 points for every $1
          </p>
          <p>
            For every $1 you spend on food and drinks you'll earn 2 points. There is no limit on how many points you can earn.
          </p>
        </div>
        <div
          className="main__content-description--info-item"
        >
          <i
            className="fa"
          />
          <h3>
            Get Rewarded
          </h3>
          <p
            className="info__item-description--heading"
          >
            Use points for free food & more
          </p>
          <p>
            Spend your points on any in restaurant items.
          </p>
        </div>
      </div>
    </section>
  </main>
</div>
`;
